\itemize{
	\item{Item 1}
		\item{
			\enumerate{
			\item{Item 2a}\item{Item 2b}
			}
		}
}
