\p{
A paragraph
of text.}\p{Another paragraph.
This one has two sentences.}