
\clang-doc[code-declaration-entity=main,code-declaration-kind=function]{\code[code-kind=listing]{\code-run[token-kind=TypeRef]{int} \code-run[token-kind=FunctionName]{main}\code-run[token-kind=Punctuation]{(}\code-run[token-kind=TypeRef]{int} \code-run[token-kind=ParamName]{argc}\code-run[token-kind=Punctuation]{,} \code-run[token-kind=TypeRef]{char **} \code-run[token-kind=ParamName]{argv}\code-run[token-kind=Punctuation]{)}}\p{ This is the \code-run{main} function!  Yes it is!}\p{ MAAAAAIIIIN!}\itemize{\item{ Is it?}\item{ Yes, it is!}\item{ It takes \code-run{argc} and \code-run{argv} as arguments.}}}
