\ul{
	\li{Item 1}
		\li{
			\ol{
			\li{Item 2a}\li{Item 2b}
			}
		}
}
