

\simpleCommand{}
\commandWithText{bar}
\commandOneArgument[a=b]{bar}
\commandOneQuotedArgument[a="b, c, d, \\"fish\\""]{bar}
\commandOneArgWithSpaces[a=b  c]{bar}
\commandTwoArguments[d=123,a=b  c ]{bar}
text between
\commandTwoArgumentsNonASCII[d=12🇬🇧3,a=😁]{bar\baz{}}
\commandEscapedBrace{ba\}r}
\commandEscapedSlash{ba\\r}

\nestedCommandOuter{text before\nestedCommandInner{} text after}
